<testsuites name="results">
  <testsuite name="all" package="all">
    <property name="random_seed" value="1775630493" />
    <testcase name="test_write" classname="register_file_tb" file="/Users/nikhilkumar/Documents/GitHub/register_file/register_file_tb.py" lineno="5" time="0.001055002212524414" sim_time_ns="11.0" ratio_time="10426.518418079097" />
    <testcase name="test_address" classname="register_file_tb" file="/Users/nikhilkumar/Documents/GitHub/register_file/register_file_tb.py" lineno="19" time="0.00033402442932128906" sim_time_ns="21.0" ratio_time="62869.653104925055" />
    <testcase name="test_write_enable" classname="register_file_tb" file="/Users/nikhilkumar/Documents/GitHub/register_file/register_file_tb.py" lineno="33" time="0.00021886825561523438" sim_time_ns="21.0" ratio_time="95948.13071895424" />
    <testcase name="test_write_simultaneously" classname="register_file_tb" file="/Users/nikhilkumar/Documents/GitHub/register_file/register_file_tb.py" lineno="47" time="0.0003368854522705078" sim_time_ns="41.0" ratio_time="121703.08846426044" />
    <testcase name="test_overwrite" classname="register_file_tb" file="/Users/nikhilkumar/Documents/GitHub/register_file/register_file_tb.py" lineno="66" time="0.00030612945556640625" sim_time_ns="40.999999999999986" ratio_time="133930.26791277254" />
  </testsuite>
</testsuites>